// Jest Snapshot v1, https://goo.gl/fbAQLP

exports[`General controls should render correctly 1`] = `
<div
  data-testid="general-controls"
>
  <h3>
    Master
  </h3>
  <div
    data-testid="VOLUME"
    tabindex="0"
  >
    <label
      class="label"
      id="knob_label_VOLUME"
    >
      Volume
    </label>
    <div
      class="slider"
    >
      <div
        class="p-slider p-component p-slider-horizontal"
        data-pc-name="slider"
        data-pc-section="root"
        id="VOLUME"
        name="VOLUME"
      >
        <span
          class="p-slider-range"
          data-pc-section="range"
          style="position: absolute; width: 50%;"
        />
        <span
          aria-orientation="horizontal"
          aria-valuemax="1"
          aria-valuemin="0"
          aria-valuenow="50"
          class="p-slider-handle"
          data-pc-section="handle"
          role="slider"
          style="position: absolute; left: 50%;"
          tabindex="0"
        />
      </div>
    </div>
  </div>
  <div
    data-testid="PAN"
    tabindex="0"
  >
    <label
      class="label"
      id="knob_label_PAN"
    >
      Pan
    </label>
    <div
      class="slider"
    >
      <div
        class="p-slider p-component p-slider-horizontal"
        data-pc-name="slider"
        data-pc-section="root"
        id="PAN"
        name="PAN"
      >
        <span
          class="p-slider-range"
          data-pc-section="range"
          style="position: absolute; width: 0%;"
        />
        <span
          aria-orientation="horizontal"
          aria-valuemax="1"
          aria-valuemin="-1"
          aria-valuenow="0"
          class="p-slider-handle"
          data-pc-section="handle"
          role="slider"
          style="position: absolute; left: 0%;"
          tabindex="0"
        />
      </div>
    </div>
  </div>
</div>
`;
