// Jest Snapshot v1, https://goo.gl/fbAQLP

exports[`Pitchbend wheel should render correctly 1`] = `
<input
  class="desktop"
  data-testid="pitchbend_wheel"
  id="pitchbend_wheel"
  max="300"
  min="-300"
  step="1"
  type="range"
  value="0"
/>
`;
